libcudart.so.12 {
  global:
    cudaGraphNodeGetDependencies;
    cudaGraphNodeGetType;
    cudaGraphAddEmptyNode;
    cudaStreamGetCaptureInfo;
    cudaStreamGetCaptureInfo_v2;
    cudaStreamGetCaptureInfo_v3;
    cudaStreamIsCapturing;
    cudaStreamCreate;
    cudaStreamCreateWithFlags;
    cudaStreamBeginCapture;
    cudaStreamEndCapture;
    cudaStreamUpdateCaptureDependencies;
    cudaStreamUpdateCaptureDependencies_v2;
    cudaStreamDestroy;
    cudaStreamAddCallback;
    cudaLaunchHostFunc;
    cudaDeviceGetStreamPriorityRange;
    cudaEventCreate;
    cudaEventCreateWithFlags;
    cudaEventRecord;
    cudaEventRecordWithFlags;
    cudaEventSynchronize;
    cudaEventQuery;
    cudaEventDestroy;
    cudaEventElapsedTime;
    cudaGetErrorString;
    cudaGetErrorName;
    cudaGetDeviceCount;
    cudaGetDeviceProperties;
    cudaGetDeviceProperties_v2;
    cudaSetDevice;
    cudaGetDevice;
    cudaRuntimeGetVersion;
    cudaDriverGetVersion;
    cudaDeviceSynchronize;
    cudaStreamSynchronize;
    cudaStreamQuery;
    cudaStreamWaitEvent;
    cudaStreamGetPriority;
    cudaStreamCreateWithPriority;
    cudaDeviceCanAccessPeer;
    cudaDeviceEnablePeerAccess;
    cudaDeviceSetLimit;
    cudaDeviceGetAttribute;
    cudaHostAlloc;
    cudaFreeHost;
    cudaHostRegister;
    cudaHostUnregister;
    cudaHostGetDevicePointer;
    cudaDeviceGetPCIBusId;
    cudaDeviceGetByPCIBusId;
    cudaPointerGetAttributes;
    cudaIpcGetEventHandle;
    cudaIpcOpenEventHandle;
    cudaIpcGetMemHandle;
    cudaIpcOpenMemHandle;
    cudaIpcCloseMemHandle;
    cudaGraphDestroy;
    cudaGraphExecDestroy;
    cudaGraphLaunch;
    cudaGraphInstantiateWithFlags;
    cudaGraphInstantiate;
    cudaGraphAddEventRecordNode;
    cudaGraphAddEventWaitNode;
    cudaGraphAddDependencies;
    cudaGraphAddDependencies_v2;
    cudaGraphRetainUserObject;
    cudaGraphReleaseUserObject;
    cudaUserObjectCreate;
    cudaUserObjectRetain;
    cudaUserObjectRelease;
    cudaGraphGetNodes;
    cudaGraphDebugDotPrint;
    cudaFuncSetAttribute;
    cudaFuncGetAttributes;
    cudaOccupancyMaxActiveBlocksPerMultiprocessorWithFlags;
    cudaOccupancyMaxActiveBlocksPerMultiprocessor;
    cudaOccupancyMaxPotentialBlockSize;
    cudaOccupancyMaxPotentialBlockSizeVariableSMem;
    cudaThreadExchangeStreamCaptureMode;
    cudaLaunchKernelExC;
    cudaLaunchKernel;
    cudaProfilerStart;
    cudaProfilerStop;
    __cudaPushCallConfiguration;
    __cudaPopCallConfiguration;
    __cudaLaunchKernel;
    __cudaRegisterFatBinary;
    __cudaRegisterFatBinaryEnd;
    __cudaUnregisterFatBinary;
    __cudaRegisterFunction;
    __cudaRegisterVar;
    __cudaGetKernel;
    __cudaInitModule;
    cudaGetDriverEntryPoint;
    cudaGetDriverEntryPointByVersion;
    cudaGetLastError;
    cudaPeekAtLastError;
    cudaDeviceGetDefaultMemPool;
    cudaMemPoolTrimTo;
    cudaMemPoolGetAttribute;
    cudaMemPoolSetAttribute;
    cudaMemPoolSetAccess;
    cudaMemPoolCreate;
    cudaMemPoolDestroy;
    cudaMallocFromPoolAsync;
    cudaMemGetInfo;
    cudaMalloc;
    cudaFree;
    cudaMemcpy;
    cudaMemcpyAsync;
    cudaMemcpy2DAsync;
    cudaMemcpy3DPeerAsync;
    cudaMemcpyBatchAsync;
    cudaMemcpyPeerAsync;
    cudaMemcpyToSymbol;
    cudaMemcpyToSymbolAsync;
    cudaMemcpyFromSymbol;
    cudaMemcpyFromSymbolAsync;
    cudaGetSymbolAddress;
    cudaGetSymbolSize;
    cudaGetFuncBySymbol;
    cudaMallocAsync;
    cudaMallocManaged;
    cudaMallocHost;
    cudaFreeAsync;
    cudaMemset;
    cudaMemsetAsync;
    nvrtcVersion;
    nvrtcCreateProgram;
    nvrtcDestroyProgram;
    nvrtcCompileProgram;
    nvrtcGetPTXSize;
    nvrtcGetPTX;
    nvrtcGetCUBINSize;
    nvrtcGetCUBIN;
    nvrtcGetProgramLogSize;
    nvrtcGetProgramLog;
    nvrtcGetErrorString;
    nvrtcAddNameExpression;
    nvrtcGetLoweredName;
    nvrtcGetNumSupportedArchs;
    nvrtcGetSupportedArchs;
    nvrtcGetLTOIRSize;
    nvrtcGetLTOIR;
    nvrtcGetNVVMSize;
    nvrtcGetNVVM;
    nvrtcGetOptiXIRSize;
    nvrtcGetOptiXIR;
    nvrtcSetFlowCallback;
    nvrtcGetPCHCreateStatus;
    nvrtcGetPCHHeapSize;
    nvrtcGetPCHHeapSizeRequired;
    nvrtcSetPCHHeapSize;
};
